2026-05-05T01:09:13.337+05:30  WARN 60553 --- [ecommerce-app] [HikariPool-1:housekeeper] com.zaxxer.hikari.pool.HikariPool        : HikariPool-1 - Thread starvation or clock leap detected (housekeeper delta=1h32m58s747ms).
2026-05-05T02:47:52.176+05:30  WARN 60553 --- [ecommerce-app] [HikariPool-1:housekeeper] com.zaxxer.hikari.pool.HikariPool        : HikariPool-1 - Thread starvation or clock leap detected (housekeeper delta=1h38m38s839ms).
2026-05-05T04:26:10.939+05:30  WARN 60553 --- [ecommerce-app] [HikariPool-1:housekeeper] com.zaxxer.hikari.pool.HikariPool        : HikariPool-1 - Thread starvation or clock leap detected (housekeeper delta=1h38m18s763ms).
2026-05-05T05:38:55.072+05:30  WARN 60553 --- [ecommerce-app] [HikariPool-1:housekeeper] com.zaxxer.hikari.pool.HikariPool        : HikariPool-1 - Thread starvation or clock leap detected (housekeeper delta=1h12m44s133ms).
2026-05-05T06:59:42.835+05:30  WARN 60553 --- [ecommerce-app] [HikariPool-1:housekeeper] com.zaxxer.hikari.pool.HikariPool        : HikariPool-1 - Thread starvation or clock leap detected (housekeeper delta=1h20m47s763ms).
2026-05-05T08:05:55.686+05:30  WARN 60553 --- [ecommerce-app] [HikariPool-1:housekeeper] com.zaxxer.hikari.pool.HikariPool        : HikariPool-1 - Thread starvation or clock leap detected (housekeeper delta=1h6m12s851ms).
2026-05-05T09:23:02.294+05:30  WARN 60553 --- [ecommerce-app] [HikariPool-1:housekeeper] com.zaxxer.hikari.pool.HikariPool        : HikariPool-1 - Thread starvation or clock leap detected (housekeeper delta=1h17m6s608ms).
2026-05-05T10:15:24.092+05:30  WARN 60553 --- [ecommerce-app] [HikariPool-1:housekeeper] com.zaxxer.hikari.pool.HikariPool        : HikariPool-1 - Thread starvation or clock leap detected (housekeeper delta=52m21s796ms).
2026-05-05T10:16:23.779+05:30  WARN 60553 --- [ecommerce-app] [HikariPool-1:housekeeper] com.zaxxer.hikari.pool.HikariPool        : HikariPool-1 - Retrograde clock change detected (housekeeper delta=29s673ms), soft-evicting connections from pool.
2026-05-05T10:35:24.595+05:30  WARN 60553 --- [ecommerce-app] [HikariPool-1:housekeeper] com.zaxxer.hikari.pool.HikariPool        : HikariPool-1 - Thread starvation or clock leap detected (housekeeper delta=15m30s696ms).
2026-05-05T10:45:55.847+05:30  WARN 60553 --- [ecommerce-app] [HikariPool-1:housekeeper] com.zaxxer.hikari.pool.HikariPool        : HikariPool-1 - Thread starvation or clock leap detected (housekeeper delta=10m31s256ms).
2026-05-05T12:21:12.094+05:30  WARN 60553 --- [ecommerce-app] [HikariPool-1:housekeeper] com.zaxxer.hikari.pool.HikariPool        : HikariPool-1 - Thread starvation or clock leap detected (housekeeper delta=1h35m16s246ms).
2026-05-05T13:40:07.141+05:30  WARN 60553 --- [ecommerce-app] [HikariPool-1:housekeeper] com.zaxxer.hikari.pool.HikariPool        : HikariPool-1 - Thread starvation or clock leap detected (housekeeper delta=1h18m55s48ms).
2026-05-05T14:56:29.968+05:30  WARN 60553 --- [ecommerce-app] [HikariPool-1:housekeeper] com.zaxxer.hikari.pool.HikariPool        : HikariPool-1 - Thread starvation or clock leap detected (housekeeper delta=1h16m22s826ms).
2026-05-05T15:03:33.145+05:30  WARN 60553 --- [ecommerce-app] [HikariPool-1:housekeeper] com.zaxxer.hikari.pool.HikariPool        : HikariPool-1 - Thread starvation or clock leap detected (housekeeper delta=7m3s175ms).
2026-05-05T17:28:30.290+05:30  WARN 60553 --- [ecommerce-app] [HikariPool-1:housekeeper] com.zaxxer.hikari.pool.HikariPool        : HikariPool-1 - Thread starvation or clock leap detected (housekeeper delta=56s149ms).
2026-05-05T18:11:15.847+05:30  WARN 60553 --- [ecommerce-app] [HikariPool-1:housekeeper] com.zaxxer.hikari.pool.HikariPool        : HikariPool-1 - Thread starvation or clock leap detected (housekeeper delta=42m45s572ms).
2026-05-05T18:29:14.807+05:30  INFO 60553 --- [ecommerce-app] [SpringApplicationShutdownHook] o.s.boot.tomcat.GracefulShutdown         : Commencing graceful shutdown. Waiting for active requests to complete
2026-05-05T18:29:14.863+05:30  INFO 60553 --- [ecommerce-app] [tomcat-shutdown] o.s.boot.tomcat.GracefulShutdown         : Graceful shutdown complete
2026-05-05T18:29:14.914+05:30  INFO 60553 --- [ecommerce-app] [SpringApplicationShutdownHook] j.LocalContainerEntityManagerFactoryBean : Closing JPA EntityManagerFactory for persistence unit 'default'
2026-05-05T18:29:14.962+05:30  INFO 60553 --- [ecommerce-app] [SpringApplicationShutdownHook] com.zaxxer.hikari.HikariDataSource       : HikariPool-1 - Shutdown initiated...
2026-05-05T18:29:14.964+05:30  INFO 60553 --- [ecommerce-app] [SpringApplicationShutdownHook] com.zaxxer.hikari.HikariDataSource       : HikariPool-1 - Shutdown completed.
